Mon May 18 19:23:54 2026       
+-----------------------------------------------------------------------------------------+
| NVIDIA-SMI 580.95.05              Driver Version: 580.95.05      CUDA Version: 13.0     |
+-----------------------------------------+------------------------+----------------------+
| GPU  Name                 Persistence-M | Bus-Id          Disp.A | Volatile Uncorr. ECC |
| Fan  Temp   Perf          Pwr:Usage/Cap |           Memory-Usage | GPU-Util  Compute M. |
|                                         |                        |               MIG M. |
|=========================================+========================+======================|
|   0  NVIDIA H200                    On  |   00000000:0A:00.0 Off |                    0 |
| N/A   37C    P0             78W /  700W |       0MiB / 143771MiB |      0%      Default |
|                                         |                        |             Disabled |
+-----------------------------------------+------------------------+----------------------+
|   1  NVIDIA H200                    On  |   00000000:18:00.0 Off |                    0 |
| N/A   33C    P0             77W /  700W |       0MiB / 143771MiB |      0%      Default |
|                                         |                        |             Disabled |
+-----------------------------------------+------------------------+----------------------+
|   2  NVIDIA H200                    On  |   00000000:87:00.0 Off |                    0 |
| N/A   36C    P0             78W /  700W |       0MiB / 143771MiB |      0%      Default |
|                                         |                        |             Disabled |
+-----------------------------------------+------------------------+----------------------+
|   3  NVIDIA H200                    On  |   00000000:90:00.0 Off |                    0 |
| N/A   25C    P0             79W /  700W |       0MiB / 143771MiB |      0%      Default |
|                                         |                        |             Disabled |
+-----------------------------------------+------------------------+----------------------+

+-----------------------------------------------------------------------------------------+
| Processes:                                                                              |
|  GPU   GI   CI              PID   Type   Process name                        GPU Memory |
|        ID   ID                                                               Usage      |
|=========================================================================================|
|  No running processes found                                                             |
+-----------------------------------------------------------------------------------------+
2026-05-18 19:24:32,391	INFO scripts.py:1387 -- Did not find any active Ray processes.
NOFILE=131072
Submitted job: TRAIN-TEMP=0.8, TEST-TEMP=0.0, SCORING-METHOD=gt, EPOCH=500, TEST-FREQUENCY=3,
ACC_W=0.8, Z3_W=0.2, EPOCH_SWITCH=80 SYSTEM_NAME=Reasoning360_sys_B_v29_llama3_3B EVAL_PATH=mlxl_train_mlxl_test_1_parsed_v6a_MLXL DATA_PATH=ZebraPuzzle_to_guru_parsed_v6a_MLXL/mlxl_train_mlxl_test
Python Path = /export/home/asifali/NON_FA2_models/Reasoning360_sys_B_v29_llama3_3B:
Validation Folder NAME: /export/home/asifali/NON_FA2_models/Reasoning360_sys_B_v29_llama3_3B/evaluation_results/mlxl_train_mlxl_test_1_parsed_v6a_MLXL/llama323binstruct
Starting Ray on the local node with 4 GPUs...
2026-05-18 19:24:42,060	INFO usage_lib.py:473 -- Usage stats collection is enabled by default without user confirmation because this terminal is detected to be non-interactive. To disable this, add `--disable-usage-stats` to the command that starts the cluster, or run the following command: `ray disable-usage-stats` before starting the cluster. See https://docs.ray.io/en/master/cluster/usage-stats.html for more details.
2026-05-18 19:24:42,062	INFO scripts.py:936 -- [37mLocal node IP[39m: [1m10.141.11.154[22m
2026-05-18 19:24:56,743	SUCC scripts.py:975 -- [32m--------------------[39m
2026-05-18 19:24:56,744	SUCC scripts.py:976 -- [32mRay runtime started.[39m
2026-05-18 19:24:56,744	SUCC scripts.py:977 -- [32m--------------------[39m
2026-05-18 19:24:56,745	INFO scripts.py:979 -- [36mNext steps[39m
2026-05-18 19:24:56,745	INFO scripts.py:982 -- To add another node to this Ray cluster, run
2026-05-18 19:24:56,745	INFO scripts.py:985 -- [1m  ray start --address='10.141.11.154:6379'[22m
2026-05-18 19:24:56,745	INFO scripts.py:996 -- To connect to this Ray cluster:
2026-05-18 19:24:56,745	INFO scripts.py:998 -- [35mimport[39m[26m ray
2026-05-18 19:24:56,745	INFO scripts.py:999 -- ray[35m.[39m[26minit()
2026-05-18 19:24:56,745	INFO scripts.py:1032 -- To terminate the Ray runtime, run
2026-05-18 19:24:56,745	INFO scripts.py:1033 -- [1m  ray stop[22m
2026-05-18 19:24:56,745	INFO scripts.py:1036 -- To view the status of the cluster, use
2026-05-18 19:24:56,746	INFO scripts.py:1037 --   [1mray status[22m[26m
Starting training...
SLURM Job ID: 298037
